============================= test session starts =============================
platform win32 -- Python 3.13.2, pytest-9.1.1, pluggy-1.6.0 -- C:\dev\python\pyenv-win\pyenv-win\versions\3.13.2\python.exe
cachedir: .pytest_cache
rootdir: D:\stock\runfirst
plugins: anyio-4.8.0
collecting ... collected 116 items

tests/test_cli.py::TestApplyMove::test_apply_single_free PASSED          [  0%]
tests/test_cli.py::TestApplyMove::test_apply_response_move PASSED        [  1%]
tests/test_cli.py::TestApplyMove::test_apply_clears_mask PASSED          [  2%]
tests/test_cli.py::TestExecuteForcedMove::test_execute_single_free PASSED [  3%]
tests/test_cli.py::TestExecuteForcedMove::test_execute_global_max_takeover PASSED [  4%]
tests/test_cli.py::TestExecuteForcedMove::test_execute_opponent_move PASSED [  5%]
tests/test_cli.py::TestPlayOpponentTurn::test_opponent_picks_losing_move_for_star PASSED [  6%]
tests/test_cli.py::TestPlayOpponentTurn::test_opponent_no_moves_passes PASSED [  6%]
tests/test_cli.py::TestPlayOpponentTurn::test_opponent_global_max_takeover PASSED [  7%]
tests/test_cli.py::TestBuildMovesDisplay::test_labels_winning_and_losing PASSED [  8%]
tests/test_cli.py::TestBuildMovesDisplay::test_all_moves_classified PASSED [  9%]
tests/test_cli.py::TestBuildMovesDisplay::test_empty_sets_gives_blank_labels PASSED [ 10%]
tests/test_config_loader.py::TestParseCard::test_parse_card_valid[D A-0-0] PASSED [ 11%]
tests/test_config_loader.py::TestParseCard::test_parse_card_valid[C A-0-1] PASSED [ 12%]
tests/test_config_loader.py::TestParseCard::test_parse_card_valid[H A-0-2] PASSED [ 12%]
tests/test_config_loader.py::TestParseCard::test_parse_card_valid[S A-0-3] PASSED [ 13%]
tests/test_config_loader.py::TestParseCard::test_parse_card_valid[D 2-1-0] PASSED [ 14%]
tests/test_config_loader.py::TestParseCard::test_parse_card_valid[H 2-1-2] PASSED [ 15%]
tests/test_config_loader.py::TestParseCard::test_parse_card_valid[S 6-5-3] PASSED [ 16%]
tests/test_config_loader.py::TestParseCard::test_parse_card_valid[D 7-6-0] PASSED [ 17%]
tests/test_config_loader.py::TestParseCard::test_parse_card_valid[H 5-4-2] PASSED [ 18%]
tests/test_config_loader.py::TestParseCard::test_parse_card_valid[S 3-2-3] PASSED [ 18%]
tests/test_config_loader.py::TestParseCard::test_parse_card_case_insensitive[d a-0-0] PASSED [ 19%]
tests/test_config_loader.py::TestParseCard::test_parse_card_case_insensitive[D a-0-0] PASSED [ 20%]
tests/test_config_loader.py::TestParseCard::test_parse_card_case_insensitive[d A-0-0] PASSED [ 21%]
tests/test_config_loader.py::TestParseCard::test_parse_card_case_insensitive[c 6-5-1] PASSED [ 22%]
tests/test_config_loader.py::TestParseCard::test_parse_card_case_insensitive[s 5-4-3] PASSED [ 23%]
tests/test_config_loader.py::TestParseCard::test_parse_card_case_insensitive[  D A  -0-0] PASSED [ 24%]
tests/test_config_loader.py::TestParseCard::test_parse_card_lowercase_c_club PASSED [ 25%]
tests/test_config_loader.py::TestParseCard::test_parse_card_lowercase_h_heart PASSED [ 25%]
tests/test_config_loader.py::TestParseCard::test_parse_card_lowercase_s_spade PASSED [ 26%]
tests/test_config_loader.py::TestParseCard::test_parse_card_invalid[] PASSED [ 27%]
tests/test_config_loader.py::TestParseCard::test_parse_card_invalid[X 1] PASSED [ 28%]
tests/test_config_loader.py::TestParseCard::test_parse_card_invalid[D X] PASSED [ 29%]
tests/test_config_loader.py::TestParseCard::test_parse_card_invalid[D 99] PASSED [ 30%]
tests/test_config_loader.py::TestParseCard::test_parse_card_invalid[DA] PASSED [ 31%]
tests/test_config_loader.py::TestParseCard::test_parse_card_invalid[D A X] PASSED [ 31%]
tests/test_config_loader.py::TestParseCard::test_parse_card_invalid_suit_message PASSED [ 32%]
tests/test_config_loader.py::TestParseCard::test_parse_card_invalid_rank_message PASSED [ 33%]
tests/test_config_loader.py::TestLoadYamlConfig::test_load_valid_yaml PASSED [ 34%]
tests/test_config_loader.py::TestLoadYamlConfig::test_load_file_not_found PASSED [ 35%]
tests/test_config_loader.py::TestLoadYamlConfig::test_load_yaml_syntax_error PASSED [ 36%]
tests/test_config_loader.py::TestLoadYamlConfig::test_load_empty_yaml PASSED [ 37%]
tests/test_config_loader.py::TestValidateAndParseScenario::test_normal_scenario_with_da PASSED [ 37%]
tests/test_config_loader.py::TestValidateAndParseScenario::test_normal_scenario_explicit_bidder PASSED [ 38%]
tests/test_config_loader.py::TestValidateAndParseScenario::test_total_cards_not_equal_25 PASSED [ 39%]
tests/test_config_loader.py::TestValidateAndParseScenario::test_duplicate_card PASSED [ 40%]
tests/test_config_loader.py::TestValidateAndParseScenario::test_missing_da_with_null_bidder PASSED [ 41%]
tests/test_config_loader.py::TestValidateAndParseScenario::test_player_count_not_5 PASSED [ 42%]
tests/test_config_loader.py::TestValidateAndParseScenario::test_player_hand_count_not_5 PASSED [ 43%]
tests/test_config_loader.py::TestValidateAndParseScenario::test_invalid_bidder_value PASSED [ 43%]
tests/test_config_loader.py::TestValidateAndParseScenario::test_scenarios_empty PASSED [ 44%]
tests/test_config_loader.py::TestValidateAndParseScenario::test_player_index_missing PASSED [ 45%]
tests/test_config_loader.py::TestValidateAndParseScenario::test_scenario_not_found PASSED [ 46%]
tests/test_sequence.py::TestFormatSequence::test_none_input PASSED       [ 47%]
tests/test_sequence.py::TestFormatSequence::test_empty_sequence PASSED   [ 48%]
tests/test_sequence.py::TestFormatSequence::test_sequence_with_star_and_opponent PASSED [ 49%]
tests/test_sequence.py::TestFormatSequence::test_sequence_ends_with_star_defeat PASSED [ 50%]
tests/test_sequence.py::TestFormatSequence::test_sequence_3_tuple_move PASSED [ 50%]
tests/test_sequence.py::TestEnumerateDaMoves::test_all_moves_contain_da PASSED [ 51%]
tests/test_sequence.py::TestEnumerateDaMoves::test_hand_without_da_returns_empty PASSED [ 52%]
tests/test_sequence.py::TestEnumerateDaMoves::test_pair_with_da_included PASSED [ 53%]
tests/test_sequence.py::TestEnumerateDaMoves::test_moves_are_5_tuples PASSED [ 54%]
tests/test_sequence.py::TestVerifyAllDaMoves::test_returns_dict PASSED   [ 55%]
tests/test_sequence.py::TestFindBestResponse::test_star_winning_returns_empty PASSED [ 56%]
tests/test_sequence.py::TestFindBestResponse::test_star_losing_returns_nonempty PASSED [ 56%]
tests/test_sequence.py::TestFormatBestResponse::test_empty_sequence PASSED [ 57%]
tests/test_sequence.py::TestFormatBestResponse::test_nonempty_sequence PASSED [ 58%]
tests/test_sequence.py::TestFormatBestResponse::test_3_tuple_in_sequence PASSED [ 59%]
tests/test_sequence.py::TestFindWinningSequence::test_star_winning_returns_none PASSED [ 60%]
tests/test_sequence.py::TestFindWinningSequence::test_star_losing_returns_sequence PASSED [ 61%]
tests/test_sequence.py::TestFormatMultiDaVerification::test_all_opponent_winning PASSED [ 62%]
tests/test_sequence.py::TestFormatMultiDaVerification::test_has_star_winning_move PASSED [ 62%]
tests/test_sequence.py::TestFormatMultiDaVerification::test_empty_dict PASSED [ 63%]
tests/test_solver.py::TestAnalyzeMoves::test_star_winning_has_winning_moves PASSED [ 64%]
tests/test_solver.py::TestAnalyzeMoves::test_star_losing_all_moves_are_losing PASSED [ 65%]
tests/test_solver.py::TestAnalyzeMoves::test_non_star_turn_returns_none PASSED [ 66%]
tests/test_solver.py::TestAnalyzeMoves::test_analyze_with_trick_on_table PASSED [ 67%]
tests/test_solver.py::TestAnalyzeMoves::test_move_info_structure PASSED  [ 68%]
tests/test_solver.py::TestAdvanceTurn::test_normal_advance_to_next_player PASSED [ 68%]
tests/test_solver.py::TestAdvanceTurn::test_advance_cycle_around PASSED  [ 69%]
tests/test_solver.py::TestAdvanceTurn::test_pass_clears_trick_when_back_to_starter PASSED [ 70%]
tests/test_solver.py::TestAdvanceTurn::test_pass_skips_to_next_when_not_starter PASSED [ 71%]
tests/test_solver.py::TestCheckTerminal::test_star_empty_wins PASSED     [ 72%]
tests/test_solver.py::TestCheckTerminal::test_opponent_empty_star_loses PASSED [ 73%]
tests/test_solver.py::TestCheckTerminal::test_no_one_empty PASSED        [ 74%]
tests/test_solver.py::TestCheckTerminal::test_multiple_players_not_empty PASSED [ 75%]
tests/test_solver.py::TestApplyMoveInternals::test_free_move_5_tuple_format PASSED [ 75%]
tests/test_solver.py::TestApplyMoveInternals::test_response_move_3_tuple_format PASSED [ 76%]
tests/test_solver.py::TestApplyMoveInternals::test_free_pair_5_tuple PASSED [ 77%]
tests/test_solver.py::TestApplyMoveInternals::test_response_triple_3_tuple PASSED [ 78%]
tests/test_solver.py::TestSolve::test_star_empty_is_win PASSED           [ 79%]
tests/test_solver.py::TestSolve::test_opponent_empty_is_lose PASSED      [ 80%]
tests/test_solver.py::TestSolve::test_star_winning_fixture PASSED        [ 81%]
tests/test_solver.py::TestSolve::test_star_losing_fixture PASSED         [ 81%]
tests/test_solver.py::TestSolve::test_star_has_pair_a PASSED             [ 82%]
tests/test_solver.py::TestMoveFormatIntegration::test_free_moves_all_5_tuple PASSED [ 83%]
tests/test_solver.py::TestMoveFormatIntegration::test_response_moves_all_3_tuple PASSED [ 84%]
tests/test_solver.py::TestMoveFormatIntegration::test_free_move_applicable PASSED [ 85%]
tests/test_solver.py::TestMoveFormatIntegration::test_response_move_applicable PASSED [ 86%]
test_game.py::test_hand_analysis PASSED                                  [ 87%]
test_game.py::test_free_moves PASSED                                     [ 87%]
test_game.py::test_response_moves PASSED                                 [ 88%]
test_game.py::test_solver PASSED                                         [ 89%]
test_game.py::test_bid_case0 PASSED                                      [ 90%]
test_game.py::test_bid_case1 PASSED                                      [ 91%]
test_game.py::test_bid_case2 PASSED                                      [ 92%]
test_game.py::test_card_power_transfer PASSED                            [ 93%]
test_game.py::test_card_power_via_solver PASSED                          [ 93%]
test_game.py::test_pass_scenario PASSED                                  [ 94%]
test_game.py::test_next_player_single_card PASSED                        [ 95%]
test_game.py::test_global_max_direct PASSED                              [ 96%]
test_game.py::test_global_max_trick_cleared PASSED                       [ 97%]
test_game.py::test_find_winning_sequence PASSED                          [ 98%]
test_game.py::test_find_best_response PASSED                             [ 99%]
test_game.py::test_boundary_cases PASSED                                 [100%]

============================== warnings summary ===============================
test_game.py::test_next_player_single_card
  C:\dev\python\pyenv-win\pyenv-win\versions\3.13.2\Lib\site-packages\_pytest\python.py:171: PytestReturnNotNoneWarning: Test functions should return None, but test_game.py::test_next_player_single_card returned <class 'bool'>.
  Did you mean to use `assert` instead of `return`?
  See https://docs.pytest.org/en/stable/how-to/assert.html#return-not-none for more information.
    warnings.warn(

test_game.py::test_global_max_direct
  C:\dev\python\pyenv-win\pyenv-win\versions\3.13.2\Lib\site-packages\_pytest\python.py:171: PytestReturnNotNoneWarning: Test functions should return None, but test_game.py::test_global_max_direct returned <class 'bool'>.
  Did you mean to use `assert` instead of `return`?
  See https://docs.pytest.org/en/stable/how-to/assert.html#return-not-none for more information.
    warnings.warn(

test_game.py::test_global_max_trick_cleared
  C:\dev\python\pyenv-win\pyenv-win\versions\3.13.2\Lib\site-packages\_pytest\python.py:171: PytestReturnNotNoneWarning: Test functions should return None, but test_game.py::test_global_max_trick_cleared returned <class 'bool'>.
  Did you mean to use `assert` instead of `return`?
  See https://docs.pytest.org/en/stable/how-to/assert.html#return-not-none for more information.
    warnings.warn(

test_game.py::test_find_winning_sequence
  C:\dev\python\pyenv-win\pyenv-win\versions\3.13.2\Lib\site-packages\_pytest\python.py:171: PytestReturnNotNoneWarning: Test functions should return None, but test_game.py::test_find_winning_sequence returned <class 'bool'>.
  Did you mean to use `assert` instead of `return`?
  See https://docs.pytest.org/en/stable/how-to/assert.html#return-not-none for more information.
    warnings.warn(

test_game.py::test_find_best_response
  C:\dev\python\pyenv-win\pyenv-win\versions\3.13.2\Lib\site-packages\_pytest\python.py:171: PytestReturnNotNoneWarning: Test functions should return None, but test_game.py::test_find_best_response returned <class 'bool'>.
  Did you mean to use `assert` instead of `return`?
  See https://docs.pytest.org/en/stable/how-to/assert.html#return-not-none for more information.
    warnings.warn(

test_game.py::test_boundary_cases
  C:\dev\python\pyenv-win\pyenv-win\versions\3.13.2\Lib\site-packages\_pytest\python.py:171: PytestReturnNotNoneWarning: Test functions should return None, but test_game.py::test_boundary_cases returned <class 'bool'>.
  Did you mean to use `assert` instead of `return`?
  See https://docs.pytest.org/en/stable/how-to/assert.html#return-not-none for more information.
    warnings.warn(

-- Docs: https://docs.pytest.org/en/stable/how-to/capture-warnings.html
======================= 116 passed, 6 warnings in 0.29s =======================
